SELECT '24311-42-1'::cas = '24311-42-1'::cas;
 ?column? 
----------
 t
(1 row)

SELECT '24311-42-1'::cas != '24311-42-1'::cas;
 ?column? 
----------
 f
(1 row)

SELECT '24311-42-1'::cas = '34311-42-1'::cas;
 ?column? 
----------
 f
(1 row)

SELECT '24311-42-1'::cas != '34311-42-1'::cas;
 ?column? 
----------
 t
(1 row)

SELECT '24311-42-1'::cas = '24311-46-1'::cas;
 ?column? 
----------
 f
(1 row)

SELECT '24311-42-1'::cas != '24311-46-1'::cas;
 ?column? 
----------
 t
(1 row)

SELECT '24311-42-3'::cas = '24311-42-1'::cas;
 ?column? 
----------
 f
(1 row)

SELECT '24311-42-3'::cas != '24311-42-1'::cas;
 ?column? 
----------
 t
(1 row)

SELECT '24311-62-3'::cas = '24311-42-1'::cas;
 ?column? 
----------
 f
(1 row)

SELECT '24311-62-3'::cas != '24311-42-1'::cas;
 ?column? 
----------
 t
(1 row)

SELECT '21311-62-3'::cas = '24311-42-1'::cas;
 ?column? 
----------
 f
(1 row)

SELECT '21311-62-3'::cas != '24311-42-1'::cas;
 ?column? 
----------
 t
(1 row)

