SELECT '24311-42-1'::cas > '24311-42-1'::cas;
 ?column? 
----------
 f
(1 row)

SELECT '24311-42-1'::cas >= '24311-42-1'::cas;
 ?column? 
----------
 t
(1 row)

SELECT '24311-42-1'::cas < '24311-42-1'::cas;
 ?column? 
----------
 f
(1 row)

SELECT '24311-42-1'::cas <= '24311-42-1'::cas;
 ?column? 
----------
 t
(1 row)

SELECT '34311-42-1'::cas > '24311-42-1'::cas;
 ?column? 
----------
 t
(1 row)

SELECT '34311-42-1'::cas >= '24311-42-1'::cas;
 ?column? 
----------
 t
(1 row)

SELECT '34311-42-1'::cas < '24311-42-1'::cas;
 ?column? 
----------
 f
(1 row)

SELECT '34311-42-1'::cas <= '24311-42-1'::cas;
 ?column? 
----------
 f
(1 row)

SELECT '24311-45-1'::cas > '24311-42-1'::cas;
 ?column? 
----------
 t
(1 row)

SELECT '24311-45-1'::cas >= '24311-42-1'::cas;
 ?column? 
----------
 t
(1 row)

SELECT '24311-45-1'::cas < '24311-42-1'::cas;
 ?column? 
----------
 f
(1 row)

SELECT '24311-45-1'::cas <= '24311-42-1'::cas;
 ?column? 
----------
 f
(1 row)

SELECT '24311-42-0'::cas > '24311-42-1'::cas;
 ?column? 
----------
 f
(1 row)

SELECT '24311-42-0'::cas >= '24311-42-1'::cas;
 ?column? 
----------
 f
(1 row)

SELECT '24311-42-0'::cas < '24311-42-1'::cas;
 ?column? 
----------
 t
(1 row)

SELECT '24311-42-0'::cas <= '24311-42-1'::cas;
 ?column? 
----------
 t
(1 row)

